// Jest Snapshot v1, https://goo.gl/fbAQLP

exports[`AccessOptionComponent should work 1`] = `
<div
  className="MuiStack-root asset-item css-gmwslw-MuiStack-root"
  onClick={[Function]}
  style={
    {
      "cursor": "pointer",
    }
  }
>
  <div
    className="MuiStack-root css-13w4gzo-MuiStack-root"
  >
    <img
      height={32}
      src="123"
      width={32}
    />
    <div
      className="MuiStack-root css-nen11g-MuiStack-root"
    >
      <p
        className="MuiTypography-root MuiTypography-body1 css-ahj2mt-MuiTypography-root"
      />
      <h5
        style={
          {
            "color": "grey",
            "fontSize": "0.8em",
          }
        }
      >
        123
      </h5>
    </div>
  </div>
  <div
    className="MuiStack-root css-1jtdgec-MuiStack-root"
  >
    1
    <span
      style={
        {
          "color": "grey",
          "fontSize": "0.7em",
        }
      }
    >
      123
    </span>
    <svg
      aria-hidden={true}
      className="MuiSvgIcon-root MuiSvgIcon-fontSizeMedium css-i4bv87-MuiSvgIcon-root"
      data-testid="NavigateNextIcon"
      focusable="false"
      viewBox="0 0 24 24"
    >
      <path
        d="M10 6 8.59 7.41 13.17 12l-4.58 4.59L10 18l6-6z"
      />
    </svg>
  </div>
</div>
`;
